14:44:55 **** Clean-only build of configuration Debug for project FIR_Filter ****
make clean 
rm -rf  ./src/NCO_controller..o  ./src/NCO_controller..d  FIR_Filter.elf.size  FIR_Filter.elf
' '
14:44:55 **** Clean-only build of project FIR_Filter_bsp ****
make -k clean 
make -C ps7_cortexa9_0/libsrc/coresightps_dcc_v1_4/src -s clean 
make -C ps7_cortexa9_0/libsrc/cpu_cortexa9_v2_6/src -s clean 
make -C ps7_cortexa9_0/libsrc/ddrps_v1_0/src -s clean 
make -C ps7_cortexa9_0/libsrc/devcfg_v3_5/src -s clean 
make -C ps7_cortexa9_0/libsrc/dmaps_v2_3/src -s clean 
make -C ps7_cortexa9_0/libsrc/emacps_v3_7/src -s clean 
make -C ps7_cortexa9_0/libsrc/gpiops_v3_3/src -s clean 
make -C ps7_cortexa9_0/libsrc/nco_dual_ip_v1_0/src -s clean 
rm: no se puede efectuar `lstat' sobre «*.o»: Invalid argument
make[1]: *** [clean] Error 1
make: *** [ps7_cortexa9_0/libsrc/nco_dual_ip_v1_0/src/make.clean] Error 2
make -C ps7_cortexa9_0/libsrc/qspips_v3_4/src -s clean 
make -C ps7_cortexa9_0/libsrc/scugic_v3_9/src -s clean 
make -C ps7_cortexa9_0/libsrc/scutimer_v2_1/src -s clean 
make -C ps7_cortexa9_0/libsrc/scuwdt_v2_1/src -s clean 
make -C ps7_cortexa9_0/libsrc/sdps_v3_4/src -s clean 
make -C ps7_cortexa9_0/libsrc/standalone_v6_6/src -s clean 
make -C ps7_cortexa9_0/libsrc/uartps_v3_6/src -s clean 
make -C ps7_cortexa9_0/libsrc/usbps_v2_4/src -s clean 
make -C ps7_cortexa9_0/libsrc/xadcps_v2_2/src -s clean 
make: Debido a los errores, el objetivo `clean' no se reconstruyó.
14:44:57 **** Build of project FIR_Filter_bsp ****
make -k all 
"Running Make include in ps7_cortexa9_0/libsrc/coresightps_dcc_v1_4/src"
make -C ps7_cortexa9_0/libsrc/coresightps_dcc_v1_4/src -s include  "SHELL=CMD" "COMPILER=arm-none-eabi-gcc" "ARCHIVER=arm-none-eabi-ar" "COMPILER_FLAGS=  -O2 -c" "EXTRA_COMPILER_FLAGS=-mcpu=cortex-a9 -mfpu=vfpv3 -mfloat-abi=hard -nostartfiles -g -Wall -Wextra"
"Running Make include in ps7_cortexa9_0/libsrc/cpu_cortexa9_v2_6/src"
make -C ps7_cortexa9_0/libsrc/cpu_cortexa9_v2_6/src -s include  "SHELL=CMD" "COMPILER=arm-none-eabi-gcc" "ARCHIVER=arm-none-eabi-ar" "COMPILER_FLAGS=  -O2 -c" "EXTRA_COMPILER_FLAGS=-mcpu=cortex-a9 -mfpu=vfpv3 -mfloat-abi=hard -nostartfiles -g -Wall -Wextra"
"Running Make include in ps7_cortexa9_0/libsrc/ddrps_v1_0/src"
make -C ps7_cortexa9_0/libsrc/ddrps_v1_0/src -s include  "SHELL=CMD" "COMPILER=arm-none-eabi-gcc" "ARCHIVER=arm-none-eabi-ar" "COMPILER_FLAGS=  -O2 -c" "EXTRA_COMPILER_FLAGS=-mcpu=cortex-a9 -mfpu=vfpv3 -mfloat-abi=hard -nostartfiles -g -Wall -Wextra"
"Running Make include in ps7_cortexa9_0/libsrc/devcfg_v3_5/src"
make -C ps7_cortexa9_0/libsrc/devcfg_v3_5/src -s include  "SHELL=CMD" "COMPILER=arm-none-eabi-gcc" "ARCHIVER=arm-none-eabi-ar" "COMPILER_FLAGS=  -O2 -c" "EXTRA_COMPILER_FLAGS=-mcpu=cortex-a9 -mfpu=vfpv3 -mfloat-abi=hard -nostartfiles -g -Wall -Wextra"
"Running Make include in ps7_cortexa9_0/libsrc/dmaps_v2_3/src"
make -C ps7_cortexa9_0/libsrc/dmaps_v2_3/src -s include  "SHELL=CMD" "COMPILER=arm-none-eabi-gcc" "ARCHIVER=arm-none-eabi-ar" "COMPILER_FLAGS=  -O2 -c" "EXTRA_COMPILER_FLAGS=-mcpu=cortex-a9 -mfpu=vfpv3 -mfloat-abi=hard -nostartfiles -g -Wall -Wextra"
"Running Make include in ps7_cortexa9_0/libsrc/emacps_v3_7/src"
make -C ps7_cortexa9_0/libsrc/emacps_v3_7/src -s include  "SHELL=CMD" "COMPILER=arm-none-eabi-gcc" "ARCHIVER=arm-none-eabi-ar" "COMPILER_FLAGS=  -O2 -c" "EXTRA_COMPILER_FLAGS=-mcpu=cortex-a9 -mfpu=vfpv3 -mfloat-abi=hard -nostartfiles -g -Wall -Wextra"
"Running Make include in ps7_cortexa9_0/libsrc/gpiops_v3_3/src"
make -C ps7_cortexa9_0/libsrc/gpiops_v3_3/src -s include  "SHELL=CMD" "COMPILER=arm-none-eabi-gcc" "ARCHIVER=arm-none-eabi-ar" "COMPILER_FLAGS=  -O2 -c" "EXTRA_COMPILER_FLAGS=-mcpu=cortex-a9 -mfpu=vfpv3 -mfloat-abi=hard -nostartfiles -g -Wall -Wextra"
"Running Make include in ps7_cortexa9_0/libsrc/nco_dual_ip_v1_0/src"
make -C ps7_cortexa9_0/libsrc/nco_dual_ip_v1_0/src -s include  "SHELL=CMD" "COMPILER=arm-none-eabi-gcc" "ARCHIVER=arm-none-eabi-ar" "COMPILER_FLAGS=  -O2 -c" "EXTRA_COMPILER_FLAGS=-mcpu=cortex-a9 -mfpu=vfpv3 -mfloat-abi=hard -nostartfiles -g -Wall -Wextra"
"Running Make include in ps7_cortexa9_0/libsrc/qspips_v3_4/src"
make -C ps7_cortexa9_0/libsrc/qspips_v3_4/src -s include  "SHELL=CMD" "COMPILER=arm-none-eabi-gcc" "ARCHIVER=arm-none-eabi-ar" "COMPILER_FLAGS=  -O2 -c" "EXTRA_COMPILER_FLAGS=-mcpu=cortex-a9 -mfpu=vfpv3 -mfloat-abi=hard -nostartfiles -g -Wall -Wextra"
"Running Make include in ps7_cortexa9_0/libsrc/scugic_v3_9/src"
make -C ps7_cortexa9_0/libsrc/scugic_v3_9/src -s include  "SHELL=CMD" "COMPILER=arm-none-eabi-gcc" "ARCHIVER=arm-none-eabi-ar" "COMPILER_FLAGS=  -O2 -c" "EXTRA_COMPILER_FLAGS=-mcpu=cortex-a9 -mfpu=vfpv3 -mfloat-abi=hard -nostartfiles -g -Wall -Wextra"
"Running Make include in ps7_cortexa9_0/libsrc/scutimer_v2_1/src"
make -C ps7_cortexa9_0/libsrc/scutimer_v2_1/src -s include  "SHELL=CMD" "COMPILER=arm-none-eabi-gcc" "ARCHIVER=arm-none-eabi-ar" "COMPILER_FLAGS=  -O2 -c" "EXTRA_COMPILER_FLAGS=-mcpu=cortex-a9 -mfpu=vfpv3 -mfloat-abi=hard -nostartfiles -g -Wall -Wextra"
"Running Make include in ps7_cortexa9_0/libsrc/scuwdt_v2_1/src"
make -C ps7_cortexa9_0/libsrc/scuwdt_v2_1/src -s include  "SHELL=CMD" "COMPILER=arm-none-eabi-gcc" "ARCHIVER=arm-none-eabi-ar" "COMPILER_FLAGS=  -O2 -c" "EXTRA_COMPILER_FLAGS=-mcpu=cortex-a9 -mfpu=vfpv3 -mfloat-abi=hard -nostartfiles -g -Wall -Wextra"
"Running Make include in ps7_cortexa9_0/libsrc/sdps_v3_4/src"
make -C ps7_cortexa9_0/libsrc/sdps_v3_4/src -s include  "SHELL=CMD" "COMPILER=arm-none-eabi-gcc" "ARCHIVER=arm-none-eabi-ar" "COMPILER_FLAGS=  -O2 -c" "EXTRA_COMPILER_FLAGS=-mcpu=cortex-a9 -mfpu=vfpv3 -mfloat-abi=hard -nostartfiles -g -Wall -Wextra"
"Running Make include in ps7_cortexa9_0/libsrc/standalone_v6_6/src"
make -C ps7_cortexa9_0/libsrc/standalone_v6_6/src -s include  "SHELL=CMD" "COMPILER=arm-none-eabi-gcc" "ARCHIVER=arm-none-eabi-ar" "COMPILER_FLAGS=  -O2 -c" "EXTRA_COMPILER_FLAGS=-mcpu=cortex-a9 -mfpu=vfpv3 -mfloat-abi=hard -nostartfiles -g -Wall -Wextra"
"Running Make include in ps7_cortexa9_0/libsrc/uartps_v3_6/src"
make -C ps7_cortexa9_0/libsrc/uartps_v3_6/src -s include  "SHELL=CMD" "COMPILER=arm-none-eabi-gcc" "ARCHIVER=arm-none-eabi-ar" "COMPILER_FLAGS=  -O2 -c" "EXTRA_COMPILER_FLAGS=-mcpu=cortex-a9 -mfpu=vfpv3 -mfloat-abi=hard -nostartfiles -g -Wall -Wextra"
"Running Make include in ps7_cortexa9_0/libsrc/usbps_v2_4/src"
make -C ps7_cortexa9_0/libsrc/usbps_v2_4/src -s include  "SHELL=CMD" "COMPILER=arm-none-eabi-gcc" "ARCHIVER=arm-none-eabi-ar" "COMPILER_FLAGS=  -O2 -c" "EXTRA_COMPILER_FLAGS=-mcpu=cortex-a9 -mfpu=vfpv3 -mfloat-abi=hard -nostartfiles -g -Wall -Wextra"
"Running Make include in ps7_cortexa9_0/libsrc/xadcps_v2_2/src"
make -C ps7_cortexa9_0/libsrc/xadcps_v2_2/src -s include  "SHELL=CMD" "COMPILER=arm-none-eabi-gcc" "ARCHIVER=arm-none-eabi-ar" "COMPILER_FLAGS=  -O2 -c" "EXTRA_COMPILER_FLAGS=-mcpu=cortex-a9 -mfpu=vfpv3 -mfloat-abi=hard -nostartfiles -g -Wall -Wextra"
"Running Make libs in ps7_cortexa9_0/libsrc/coresightps_dcc_v1_4/src"
make -C ps7_cortexa9_0/libsrc/coresightps_dcc_v1_4/src -s libs  "SHELL=CMD" "COMPILER=arm-none-eabi-gcc" "ARCHIVER=arm-none-eabi-ar" "COMPILER_FLAGS=  -O2 -c" "EXTRA_COMPILER_FLAGS=-mcpu=cortex-a9 -mfpu=vfpv3 -mfloat-abi=hard -nostartfiles -g -Wall -Wextra"
"Compiling coresightps_dcc"
arm-none-eabi-ar: creating ../../../lib/libxil.a
"Running Make libs in ps7_cortexa9_0/libsrc/cpu_cortexa9_v2_6/src"
make -C ps7_cortexa9_0/libsrc/cpu_cortexa9_v2_6/src -s libs  "SHELL=CMD" "COMPILER=arm-none-eabi-gcc" "ARCHIVER=arm-none-eabi-ar" "COMPILER_FLAGS=  -O2 -c" "EXTRA_COMPILER_FLAGS=-mcpu=cortex-a9 -mfpu=vfpv3 -mfloat-abi=hard -nostartfiles -g -Wall -Wextra"
"Compiling cpu_cortexa9"
"Running Make libs in ps7_cortexa9_0/libsrc/ddrps_v1_0/src"
make -C ps7_cortexa9_0/libsrc/ddrps_v1_0/src -s libs  "SHELL=CMD" "COMPILER=arm-none-eabi-gcc" "ARCHIVER=arm-none-eabi-ar" "COMPILER_FLAGS=  -O2 -c" "EXTRA_COMPILER_FLAGS=-mcpu=cortex-a9 -mfpu=vfpv3 -mfloat-abi=hard -nostartfiles -g -Wall -Wextra"
"Compiling ddrps"
"Running Make libs in ps7_cortexa9_0/libsrc/devcfg_v3_5/src"
make -C ps7_cortexa9_0/libsrc/devcfg_v3_5/src -s libs  "SHELL=CMD" "COMPILER=arm-none-eabi-gcc" "ARCHIVER=arm-none-eabi-ar" "COMPILER_FLAGS=  -O2 -c" "EXTRA_COMPILER_FLAGS=-mcpu=cortex-a9 -mfpu=vfpv3 -mfloat-abi=hard -nostartfiles -g -Wall -Wextra"
"Compiling devcfg"
"Running Make libs in ps7_cortexa9_0/libsrc/dmaps_v2_3/src"
make -C ps7_cortexa9_0/libsrc/dmaps_v2_3/src -s libs  "SHELL=CMD" "COMPILER=arm-none-eabi-gcc" "ARCHIVER=arm-none-eabi-ar" "COMPILER_FLAGS=  -O2 -c" "EXTRA_COMPILER_FLAGS=-mcpu=cortex-a9 -mfpu=vfpv3 -mfloat-abi=hard -nostartfiles -g -Wall -Wextra"
"Compiling dmaps"
"Running Make libs in ps7_cortexa9_0/libsrc/emacps_v3_7/src"
make -C ps7_cortexa9_0/libsrc/emacps_v3_7/src -s libs  "SHELL=CMD" "COMPILER=arm-none-eabi-gcc" "ARCHIVER=arm-none-eabi-ar" "COMPILER_FLAGS=  -O2 -c" "EXTRA_COMPILER_FLAGS=-mcpu=cortex-a9 -mfpu=vfpv3 -mfloat-abi=hard -nostartfiles -g -Wall -Wextra"
"Compiling emacps"
"Running Make libs in ps7_cortexa9_0/libsrc/gpiops_v3_3/src"
make -C ps7_cortexa9_0/libsrc/gpiops_v3_3/src -s libs  "SHELL=CMD" "COMPILER=arm-none-eabi-gcc" "ARCHIVER=arm-none-eabi-ar" "COMPILER_FLAGS=  -O2 -c" "EXTRA_COMPILER_FLAGS=-mcpu=cortex-a9 -mfpu=vfpv3 -mfloat-abi=hard -nostartfiles -g -Wall -Wextra"
"Compiling gpiops"
"Running Make libs in ps7_cortexa9_0/libsrc/nco_dual_ip_v1_0/src"
make -C ps7_cortexa9_0/libsrc/nco_dual_ip_v1_0/src -s libs  "SHELL=CMD" "COMPILER=arm-none-eabi-gcc" "ARCHIVER=arm-none-eabi-ar" "COMPILER_FLAGS=  -O2 -c" "EXTRA_COMPILER_FLAGS=-mcpu=cortex-a9 -mfpu=vfpv3 -mfloat-abi=hard -nostartfiles -g -Wall -Wextra"
"Compiling nco_dual_ip..."
nco_dual_ip_selftest.c: In function 'NCO_DUAL_IP_Reg_SelfTest':
nco_dual_ip_selftest.c:52:60: warning: comparison between signed and unsigned integer expressions [-Wsign-compare]
    if ( NCO_DUAL_IP_mReadReg (baseaddr, read_loop_index*4) != (read_loop_index+1)*READ_WRITE_MUL_FACTOR){
                                                            ^~
nco_dual_ip_selftest.c:36:6: warning: unused variable 'Index' [-Wunused-variable]
  int Index;
      ^~~~~
"Running Make libs in ps7_cortexa9_0/libsrc/qspips_v3_4/src"
make -C ps7_cortexa9_0/libsrc/qspips_v3_4/src -s libs  "SHELL=CMD" "COMPILER=arm-none-eabi-gcc" "ARCHIVER=arm-none-eabi-ar" "COMPILER_FLAGS=  -O2 -c" "EXTRA_COMPILER_FLAGS=-mcpu=cortex-a9 -mfpu=vfpv3 -mfloat-abi=hard -nostartfiles -g -Wall -Wextra"
"Compiling qspips"
"Running Make libs in ps7_cortexa9_0/libsrc/scugic_v3_9/src"
make -C ps7_cortexa9_0/libsrc/scugic_v3_9/src -s libs  "SHELL=CMD" "COMPILER=arm-none-eabi-gcc" "ARCHIVER=arm-none-eabi-ar" "COMPILER_FLAGS=  -O2 -c" "EXTRA_COMPILER_FLAGS=-mcpu=cortex-a9 -mfpu=vfpv3 -mfloat-abi=hard -nostartfiles -g -Wall -Wextra"
"Compiling scugic"
"Running Make libs in ps7_cortexa9_0/libsrc/scutimer_v2_1/src"
make -C ps7_cortexa9_0/libsrc/scutimer_v2_1/src -s libs  "SHELL=CMD" "COMPILER=arm-none-eabi-gcc" "ARCHIVER=arm-none-eabi-ar" "COMPILER_FLAGS=  -O2 -c" "EXTRA_COMPILER_FLAGS=-mcpu=cortex-a9 -mfpu=vfpv3 -mfloat-abi=hard -nostartfiles -g -Wall -Wextra"
"Compiling scutimer"
"Running Make libs in ps7_cortexa9_0/libsrc/scuwdt_v2_1/src"
make -C ps7_cortexa9_0/libsrc/scuwdt_v2_1/src -s libs  "SHELL=CMD" "COMPILER=arm-none-eabi-gcc" "ARCHIVER=arm-none-eabi-ar" "COMPILER_FLAGS=  -O2 -c" "EXTRA_COMPILER_FLAGS=-mcpu=cortex-a9 -mfpu=vfpv3 -mfloat-abi=hard -nostartfiles -g -Wall -Wextra"
"Compiling scuwdt"
"Running Make libs in ps7_cortexa9_0/libsrc/sdps_v3_4/src"
make -C ps7_cortexa9_0/libsrc/sdps_v3_4/src -s libs  "SHELL=CMD" "COMPILER=arm-none-eabi-gcc" "ARCHIVER=arm-none-eabi-ar" "COMPILER_FLAGS=  -O2 -c" "EXTRA_COMPILER_FLAGS=-mcpu=cortex-a9 -mfpu=vfpv3 -mfloat-abi=hard -nostartfiles -g -Wall -Wextra"
"Compiling sdps"
xsdps.c: In function 'XSdPs_FrameCmd':
xsdps.c:1272:11: warning: this statement may fall through [-Wimplicit-fallthrough=]
    RetVal |= RESP_R1 | (u32)XSDPS_DAT_PRESENT_SEL_MASK;
xsdps.c:1273:3: note: here
   case ACMD41:
   ^~~~
"Running Make libs in ps7_cortexa9_0/libsrc/standalone_v6_6/src"
make -C ps7_cortexa9_0/libsrc/standalone_v6_6/src -s libs  "SHELL=CMD" "COMPILER=arm-none-eabi-gcc" "ARCHIVER=arm-none-eabi-ar" "COMPILER_FLAGS=  -O2 -c" "EXTRA_COMPILER_FLAGS=-mcpu=cortex-a9 -mfpu=vfpv3 -mfloat-abi=hard -nostartfiles -g -Wall -Wextra"
"Compiling standalone"
"Running Make libs in ps7_cortexa9_0/libsrc/uartps_v3_6/src"
make -C ps7_cortexa9_0/libsrc/uartps_v3_6/src -s libs  "SHELL=CMD" "COMPILER=arm-none-eabi-gcc" "ARCHIVER=arm-none-eabi-ar" "COMPILER_FLAGS=  -O2 -c" "EXTRA_COMPILER_FLAGS=-mcpu=cortex-a9 -mfpu=vfpv3 -mfloat-abi=hard -nostartfiles -g -Wall -Wextra"
"Compiling uartps"
"Running Make libs in ps7_cortexa9_0/libsrc/usbps_v2_4/src"
make -C ps7_cortexa9_0/libsrc/usbps_v2_4/src -s libs  "SHELL=CMD" "COMPILER=arm-none-eabi-gcc" "ARCHIVER=arm-none-eabi-ar" "COMPILER_FLAGS=  -O2 -c" "EXTRA_COMPILER_FLAGS=-mcpu=cortex-a9 -mfpu=vfpv3 -mfloat-abi=hard -nostartfiles -g -Wall -Wextra"
"Compiling usbps"
"Running Make libs in ps7_cortexa9_0/libsrc/xadcps_v2_2/src"
make -C ps7_cortexa9_0/libsrc/xadcps_v2_2/src -s libs  "SHELL=CMD" "COMPILER=arm-none-eabi-gcc" "ARCHIVER=arm-none-eabi-ar" "COMPILER_FLAGS=  -O2 -c" "EXTRA_COMPILER_FLAGS=-mcpu=cortex-a9 -mfpu=vfpv3 -mfloat-abi=hard -nostartfiles -g -Wall -Wextra"
"Compiling xadcps"
'Finished building libraries'
14:45:17 **** Build of configuration Debug for project FIR_Filter ****
make pre-build main-build 
a9-linaro-pre-build-step
' '
'Building file: ../src/NCO_controller..c'
'Invoking: ARM v7 gcc compiler'
arm-none-eabi-gcc -Wall -O0 -g3 -c -fmessage-length=0 -MT"src/NCO_controller..o" -mcpu=cortex-a9 -mfpu=vfpv3 -mfloat-abi=hard -I../../FIR_Filter_bsp/ps7_cortexa9_0/include -MMD -MP -MF"src/NCO_controller..d" -MT"src/NCO_controller..o" -o "src/NCO_controller..o" "../src/NCO_controller..c"
'Finished building: ../src/NCO_controller..c'
' '
'Building target: FIR_Filter.elf'
'Invoking: ARM v7 gcc linker'
arm-none-eabi-gcc -mcpu=cortex-a9 -mfpu=vfpv3 -mfloat-abi=hard -Wl,-build-id=none -specs=Xilinx.spec -Wl,-T -Wl,../src/lscript.ld -L../../FIR_Filter_bsp/ps7_cortexa9_0/lib -o "FIR_Filter.elf"  ./src/NCO_controller..o   -Wl,--start-group,-lxil,-lgcc,-lc,--end-group
'Finished building target: FIR_Filter.elf'
' '
'Invoking: ARM v7 Print Size'
arm-none-eabi-size FIR_Filter.elf  |tee "FIR_Filter.elf.size"
   text	   data	    bss	    dec	    hex	filename
  22196	   1144	  22568	  45908	   b354	FIR_Filter.elf
'Finished building: FIR_Filter.elf.size'
' '
14:45:21 **** Incremental Build of configuration Debug for project FIR_Filter ****
make pre-build main-build 
a9-linaro-pre-build-step
' '
make: No se hace nada para `main-build'.
14:46:10 **** Incremental Build of configuration Debug for project FIR_Filter ****
make pre-build main-build 
a9-linaro-pre-build-step
' '
'Building file: ../src/NCO_controller..c'
'Invoking: ARM v7 gcc compiler'
arm-none-eabi-gcc -Wall -O0 -g3 -c -fmessage-length=0 -MT"src/NCO_controller..o" -mcpu=cortex-a9 -mfpu=vfpv3 -mfloat-abi=hard -I../../FIR_Filter_bsp/ps7_cortexa9_0/include -MMD -MP -MF"src/NCO_controller..d" -MT"src/NCO_controller..o" -o "src/NCO_controller..o" "../src/NCO_controller..c"
'Finished building: ../src/NCO_controller..c'
' '
'Building target: FIR_Filter.elf'
'Invoking: ARM v7 gcc linker'
arm-none-eabi-gcc -mcpu=cortex-a9 -mfpu=vfpv3 -mfloat-abi=hard -Wl,-build-id=none -specs=Xilinx.spec -Wl,-T -Wl,../src/lscript.ld -L../../FIR_Filter_bsp/ps7_cortexa9_0/lib -o "FIR_Filter.elf"  ./src/NCO_controller..o   -Wl,--start-group,-lxil,-lgcc,-lc,--end-group
'Finished building target: FIR_Filter.elf'
' '
'Invoking: ARM v7 Print Size'
arm-none-eabi-size FIR_Filter.elf  |tee "FIR_Filter.elf.size"
   text	   data	    bss	    dec	    hex	filename
  22196	   1144	  22568	  45908	   b354	FIR_Filter.elf
'Finished building: FIR_Filter.elf.size'
' '
14:48:57 **** Incremental Build of configuration Debug for project FIR_Filter ****
make pre-build main-build 
a9-linaro-pre-build-step
' '
'Building file: ../src/NCO_controller..c'
'Invoking: ARM v7 gcc compiler'
arm-none-eabi-gcc -Wall -O0 -g3 -c -fmessage-length=0 -MT"src/NCO_controller..o" -mcpu=cortex-a9 -mfpu=vfpv3 -mfloat-abi=hard -I../../FIR_Filter_bsp/ps7_cortexa9_0/include -MMD -MP -MF"src/NCO_controller..d" -MT"src/NCO_controller..o" -o "src/NCO_controller..o" "../src/NCO_controller..c"
'Finished building: ../src/NCO_controller..c'
' '
'Building target: FIR_Filter.elf'
'Invoking: ARM v7 gcc linker'
arm-none-eabi-gcc -mcpu=cortex-a9 -mfpu=vfpv3 -mfloat-abi=hard -Wl,-build-id=none -specs=Xilinx.spec -Wl,-T -Wl,../src/lscript.ld -L../../FIR_Filter_bsp/ps7_cortexa9_0/lib -o "FIR_Filter.elf"  ./src/NCO_controller..o   -Wl,--start-group,-lxil,-lgcc,-lc,--end-group
'Finished building target: FIR_Filter.elf'
' '
'Invoking: ARM v7 Print Size'
arm-none-eabi-size FIR_Filter.elf  |tee "FIR_Filter.elf.size"
   text	   data	    bss	    dec	    hex	filename
  22196	   1144	  22568	  45908	   b354	FIR_Filter.elf
'Finished building: FIR_Filter.elf.size'
' '
14:50:29 **** Incremental Build of configuration Debug for project FIR_Filter ****
make pre-build main-build 
a9-linaro-pre-build-step
' '
make: No se hace nada para `main-build'.
14:51:51 **** Incremental Build of configuration Debug for project FIR_Filter ****
make pre-build main-build 
a9-linaro-pre-build-step
' '
'Building file: ../src/NCO_controller..c'
'Invoking: ARM v7 gcc compiler'
arm-none-eabi-gcc -Wall -O0 -g3 -c -fmessage-length=0 -MT"src/NCO_controller..o" -mcpu=cortex-a9 -mfpu=vfpv3 -mfloat-abi=hard -I../../FIR_Filter_bsp/ps7_cortexa9_0/include -MMD -MP -MF"src/NCO_controller..d" -MT"src/NCO_controller..o" -o "src/NCO_controller..o" "../src/NCO_controller..c"
'Finished building: ../src/NCO_controller..c'
' '
'Building target: FIR_Filter.elf'
'Invoking: ARM v7 gcc linker'
arm-none-eabi-gcc -mcpu=cortex-a9 -mfpu=vfpv3 -mfloat-abi=hard -Wl,-build-id=none -specs=Xilinx.spec -Wl,-T -Wl,../src/lscript.ld -L../../FIR_Filter_bsp/ps7_cortexa9_0/lib -o "FIR_Filter.elf"  ./src/NCO_controller..o   -Wl,--start-group,-lxil,-lgcc,-lc,--end-group
'Finished building target: FIR_Filter.elf'
' '
'Invoking: ARM v7 Print Size'
arm-none-eabi-size FIR_Filter.elf  |tee "FIR_Filter.elf.size"
   text	   data	    bss	    dec	    hex	filename
  22196	   1144	  22568	  45908	   b354	FIR_Filter.elf
'Finished building: FIR_Filter.elf.size'
' '
14:52:03 **** Incremental Build of configuration Debug for project FIR_Filter ****
make pre-build main-build 
a9-linaro-pre-build-step
' '
make: No se hace nada para `main-build'.
14:55:14 **** Incremental Build of configuration Debug for project FIR_Filter ****
make pre-build main-build 
a9-linaro-pre-build-step
' '
make: No se hace nada para `main-build'.
14:57:02 **** Auto Build of configuration Debug for project FIR_Filter ****
make pre-build main-build 
a9-linaro-pre-build-step
' '
'Building file: ../src/NCO_controller..c'
'Invoking: ARM v7 gcc compiler'
arm-none-eabi-gcc -Wall -O0 -g3 -c -fmessage-length=0 -MT"src/NCO_controller..o" -mcpu=cortex-a9 -mfpu=vfpv3 -mfloat-abi=hard -I../../FIR_Filter_bsp/ps7_cortexa9_0/include -MMD -MP -MF"src/NCO_controller..d" -MT"src/NCO_controller..o" -o "src/NCO_controller..o" "../src/NCO_controller..c"
'Finished building: ../src/NCO_controller..c'
' '
'Building target: FIR_Filter.elf'
'Invoking: ARM v7 gcc linker'
arm-none-eabi-gcc -mcpu=cortex-a9 -mfpu=vfpv3 -mfloat-abi=hard -Wl,-build-id=none -specs=Xilinx.spec -Wl,-T -Wl,../src/lscript.ld -L../../FIR_Filter_bsp/ps7_cortexa9_0/lib -o "FIR_Filter.elf"  ./src/NCO_controller..o   -Wl,--start-group,-lxil,-lgcc,-lc,--end-group
'Finished building target: FIR_Filter.elf'
' '
'Invoking: ARM v7 Print Size'
arm-none-eabi-size FIR_Filter.elf  |tee "FIR_Filter.elf.size"
   text	   data	    bss	    dec	    hex	filename
  22196	   1144	  22568	  45908	   b354	FIR_Filter.elf
'Finished building: FIR_Filter.elf.size'
' '
14:57:05 **** Incremental Build of configuration Debug for project FIR_Filter ****
make pre-build main-build 
a9-linaro-pre-build-step
' '
make: No se hace nada para `main-build'.
14:59:02 **** Auto Build of configuration Debug for project FIR_Filter ****
make pre-build main-build 
a9-linaro-pre-build-step
' '
'Building file: ../src/NCO_controller..c'
'Invoking: ARM v7 gcc compiler'
arm-none-eabi-gcc -Wall -O0 -g3 -c -fmessage-length=0 -MT"src/NCO_controller..o" -mcpu=cortex-a9 -mfpu=vfpv3 -mfloat-abi=hard -I../../FIR_Filter_bsp/ps7_cortexa9_0/include -MMD -MP -MF"src/NCO_controller..d" -MT"src/NCO_controller..o" -o "src/NCO_controller..o" "../src/NCO_controller..c"
'Finished building: ../src/NCO_controller..c'
' '
'Building target: FIR_Filter.elf'
'Invoking: ARM v7 gcc linker'
arm-none-eabi-gcc -mcpu=cortex-a9 -mfpu=vfpv3 -mfloat-abi=hard -Wl,-build-id=none -specs=Xilinx.spec -Wl,-T -Wl,../src/lscript.ld -L../../FIR_Filter_bsp/ps7_cortexa9_0/lib -o "FIR_Filter.elf"  ./src/NCO_controller..o   -Wl,--start-group,-lxil,-lgcc,-lc,--end-group
'Finished building target: FIR_Filter.elf'
' '
'Invoking: ARM v7 Print Size'
arm-none-eabi-size FIR_Filter.elf  |tee "FIR_Filter.elf.size"
   text	   data	    bss	    dec	    hex	filename
  22196	   1144	  22568	  45908	   b354	FIR_Filter.elf
'Finished building: FIR_Filter.elf.size'
' '
14:59:04 **** Incremental Build of configuration Debug for project FIR_Filter ****
make pre-build main-build 
a9-linaro-pre-build-step
' '
make: No se hace nada para `main-build'.
15:01:18 **** Incremental Build of configuration Debug for project FIR_Filter ****
make pre-build main-build 
a9-linaro-pre-build-step
' '
make: No se hace nada para `main-build'.
15:02:31 **** Auto Build of configuration Debug for project FIR_Filter ****
make pre-build main-build 
a9-linaro-pre-build-step
' '
'Building file: ../src/NCO_controller..c'
'Invoking: ARM v7 gcc compiler'
arm-none-eabi-gcc -Wall -O0 -g3 -c -fmessage-length=0 -MT"src/NCO_controller..o" -mcpu=cortex-a9 -mfpu=vfpv3 -mfloat-abi=hard -I../../FIR_Filter_bsp/ps7_cortexa9_0/include -MMD -MP -MF"src/NCO_controller..d" -MT"src/NCO_controller..o" -o "src/NCO_controller..o" "../src/NCO_controller..c"
'Finished building: ../src/NCO_controller..c'
' '
'Building target: FIR_Filter.elf'
'Invoking: ARM v7 gcc linker'
arm-none-eabi-gcc -mcpu=cortex-a9 -mfpu=vfpv3 -mfloat-abi=hard -Wl,-build-id=none -specs=Xilinx.spec -Wl,-T -Wl,../src/lscript.ld -L../../FIR_Filter_bsp/ps7_cortexa9_0/lib -o "FIR_Filter.elf"  ./src/NCO_controller..o   -Wl,--start-group,-lxil,-lgcc,-lc,--end-group
'Finished building target: FIR_Filter.elf'
' '
'Invoking: ARM v7 Print Size'
arm-none-eabi-size FIR_Filter.elf  |tee "FIR_Filter.elf.size"
   text	   data	    bss	    dec	    hex	filename
  22196	   1144	  22568	  45908	   b354	FIR_Filter.elf
'Finished building: FIR_Filter.elf.size'
' '
15:02:43 **** Incremental Build of configuration Debug for project FIR_Filter ****
make pre-build main-build 
a9-linaro-pre-build-step
' '
make: No se hace nada para `main-build'.
15:04:10 **** Incremental Build of configuration Debug for project FIR_Filter ****
make pre-build main-build 
a9-linaro-pre-build-step
' '
'Building file: ../src/NCO_controller..c'
'Invoking: ARM v7 gcc compiler'
arm-none-eabi-gcc -Wall -O0 -g3 -c -fmessage-length=0 -MT"src/NCO_controller..o" -mcpu=cortex-a9 -mfpu=vfpv3 -mfloat-abi=hard -I../../FIR_Filter_bsp/ps7_cortexa9_0/include -MMD -MP -MF"src/NCO_controller..d" -MT"src/NCO_controller..o" -o "src/NCO_controller..o" "../src/NCO_controller..c"
'Finished building: ../src/NCO_controller..c'
' '
'Building target: FIR_Filter.elf'
'Invoking: ARM v7 gcc linker'
arm-none-eabi-gcc -mcpu=cortex-a9 -mfpu=vfpv3 -mfloat-abi=hard -Wl,-build-id=none -specs=Xilinx.spec -Wl,-T -Wl,../src/lscript.ld -L../../FIR_Filter_bsp/ps7_cortexa9_0/lib -o "FIR_Filter.elf"  ./src/NCO_controller..o   -Wl,--start-group,-lxil,-lgcc,-lc,--end-group
'Finished building target: FIR_Filter.elf'
' '
'Invoking: ARM v7 Print Size'
arm-none-eabi-size FIR_Filter.elf  |tee "FIR_Filter.elf.size"
   text	   data	    bss	    dec	    hex	filename
  22196	   1144	  22568	  45908	   b354	FIR_Filter.elf
'Finished building: FIR_Filter.elf.size'
' '
15:06:30 **** Incremental Build of configuration Debug for project FIR_Filter ****
make pre-build main-build 
a9-linaro-pre-build-step
' '
'Building file: ../src/NCO_controller..c'
'Invoking: ARM v7 gcc compiler'
arm-none-eabi-gcc -Wall -O0 -g3 -c -fmessage-length=0 -MT"src/NCO_controller..o" -mcpu=cortex-a9 -mfpu=vfpv3 -mfloat-abi=hard -I../../FIR_Filter_bsp/ps7_cortexa9_0/include -MMD -MP -MF"src/NCO_controller..d" -MT"src/NCO_controller..o" -o "src/NCO_controller..o" "../src/NCO_controller..c"
'Finished building: ../src/NCO_controller..c'
' '
'Building target: FIR_Filter.elf'
'Invoking: ARM v7 gcc linker'
arm-none-eabi-gcc -mcpu=cortex-a9 -mfpu=vfpv3 -mfloat-abi=hard -Wl,-build-id=none -specs=Xilinx.spec -Wl,-T -Wl,../src/lscript.ld -L../../FIR_Filter_bsp/ps7_cortexa9_0/lib -o "FIR_Filter.elf"  ./src/NCO_controller..o   -Wl,--start-group,-lxil,-lgcc,-lc,--end-group
'Finished building target: FIR_Filter.elf'
' '
'Invoking: ARM v7 Print Size'
arm-none-eabi-size FIR_Filter.elf  |tee "FIR_Filter.elf.size"
   text	   data	    bss	    dec	    hex	filename
  22196	   1144	  22568	  45908	   b354	FIR_Filter.elf
'Finished building: FIR_Filter.elf.size'
' '
15:19:53 **** Auto Build of configuration Debug for project FIR_Filter ****
make pre-build main-build 
a9-linaro-pre-build-step
' '
'Building file: ../src/NCO_controller..c'
'Invoking: ARM v7 gcc compiler'
arm-none-eabi-gcc -Wall -O0 -g3 -c -fmessage-length=0 -MT"src/NCO_controller..o" -mcpu=cortex-a9 -mfpu=vfpv3 -mfloat-abi=hard -I../../FIR_Filter_bsp/ps7_cortexa9_0/include -MMD -MP -MF"src/NCO_controller..d" -MT"src/NCO_controller..o" -o "src/NCO_controller..o" "../src/NCO_controller..c"
'Finished building: ../src/NCO_controller..c'
' '
'Building target: FIR_Filter.elf'
'Invoking: ARM v7 gcc linker'
arm-none-eabi-gcc -mcpu=cortex-a9 -mfpu=vfpv3 -mfloat-abi=hard -Wl,-build-id=none -specs=Xilinx.spec -Wl,-T -Wl,../src/lscript.ld -L../../FIR_Filter_bsp/ps7_cortexa9_0/lib -o "FIR_Filter.elf"  ./src/NCO_controller..o   -Wl,--start-group,-lxil,-lgcc,-lc,--end-group
'Finished building target: FIR_Filter.elf'
' '
'Invoking: ARM v7 Print Size'
arm-none-eabi-size FIR_Filter.elf  |tee "FIR_Filter.elf.size"
   text	   data	    bss	    dec	    hex	filename
  22196	   1144	  22568	  45908	   b354	FIR_Filter.elf
'Finished building: FIR_Filter.elf.size'
' '
15:20:03 **** Auto Build of configuration Debug for project FIR_Filter ****
make pre-build main-build 
a9-linaro-pre-build-step
' '
'Building file: ../src/NCO_controller..c'
'Invoking: ARM v7 gcc compiler'
arm-none-eabi-gcc -Wall -O0 -g3 -c -fmessage-length=0 -MT"src/NCO_controller..o" -mcpu=cortex-a9 -mfpu=vfpv3 -mfloat-abi=hard -I../../FIR_Filter_bsp/ps7_cortexa9_0/include -MMD -MP -MF"src/NCO_controller..d" -MT"src/NCO_controller..o" -o "src/NCO_controller..o" "../src/NCO_controller..c"
'Finished building: ../src/NCO_controller..c'
' '
'Building target: FIR_Filter.elf'
'Invoking: ARM v7 gcc linker'
arm-none-eabi-gcc -mcpu=cortex-a9 -mfpu=vfpv3 -mfloat-abi=hard -Wl,-build-id=none -specs=Xilinx.spec -Wl,-T -Wl,../src/lscript.ld -L../../FIR_Filter_bsp/ps7_cortexa9_0/lib -o "FIR_Filter.elf"  ./src/NCO_controller..o   -Wl,--start-group,-lxil,-lgcc,-lc,--end-group
'Finished building target: FIR_Filter.elf'
' '
'Invoking: ARM v7 Print Size'
arm-none-eabi-size FIR_Filter.elf  |tee "FIR_Filter.elf.size"
   text	   data	    bss	    dec	    hex	filename
  22196	   1144	  22568	  45908	   b354	FIR_Filter.elf
'Finished building: FIR_Filter.elf.size'
' '
