15:12:38 **** Incremental Build of configuration Debug for project FIR_Filter ****
make pre-build main-build 
a9-linaro-pre-build-step
' '
make: No se hace nada para `main-build'.
15:16:37 **** Incremental Build of configuration Debug for project FIR_Filter ****
make pre-build main-build 
a9-linaro-pre-build-step
' '
make: No se hace nada para `main-build'.
15:18:33 **** Incremental Build of configuration Debug for project FIR_Filter ****
make pre-build main-build 
a9-linaro-pre-build-step
' '
make: No se hace nada para `main-build'.
15:20:38 **** Incremental Build of configuration Debug for project FIR_Filter ****
make pre-build main-build 
a9-linaro-pre-build-step
' '
'Building file: ../src/NCO_controller..c'
'Invoking: ARM v7 gcc compiler'
arm-none-eabi-gcc -Wall -O0 -g3 -c -fmessage-length=0 -MT"src/NCO_controller..o" -mcpu=cortex-a9 -mfpu=vfpv3 -mfloat-abi=hard -I../../FIR_Filter_bsp/ps7_cortexa9_0/include -MMD -MP -MF"src/NCO_controller..d" -MT"src/NCO_controller..o" -o "src/NCO_controller..o" "../src/NCO_controller..c"
'Finished building: ../src/NCO_controller..c'
' '
'Building target: FIR_Filter.elf'
'Invoking: ARM v7 gcc linker'
arm-none-eabi-gcc -mcpu=cortex-a9 -mfpu=vfpv3 -mfloat-abi=hard -Wl,-build-id=none -specs=Xilinx.spec -Wl,-T -Wl,../src/lscript.ld -L../../FIR_Filter_bsp/ps7_cortexa9_0/lib -o "FIR_Filter.elf"  ./src/NCO_controller..o   -Wl,--start-group,-lxil,-lgcc,-lc,--end-group
'Finished building target: FIR_Filter.elf'
' '
'Invoking: ARM v7 Print Size'
arm-none-eabi-size FIR_Filter.elf  |tee "FIR_Filter.elf.size"
   text	   data	    bss	    dec	    hex	filename
  22196	   1144	  22568	  45908	   b354	FIR_Filter.elf
'Finished building: FIR_Filter.elf.size'
' '
15:21:24 **** Auto Build of configuration Debug for project FIR_Filter ****
make pre-build main-build 
a9-linaro-pre-build-step
' '
'Building file: ../src/NCO_controller..c'
'Invoking: ARM v7 gcc compiler'
arm-none-eabi-gcc -Wall -O0 -g3 -c -fmessage-length=0 -MT"src/NCO_controller..o" -mcpu=cortex-a9 -mfpu=vfpv3 -mfloat-abi=hard -I../../FIR_Filter_bsp/ps7_cortexa9_0/include -MMD -MP -MF"src/NCO_controller..d" -MT"src/NCO_controller..o" -o "src/NCO_controller..o" "../src/NCO_controller..c"
'Finished building: ../src/NCO_controller..c'
' '
'Building target: FIR_Filter.elf'
'Invoking: ARM v7 gcc linker'
arm-none-eabi-gcc -mcpu=cortex-a9 -mfpu=vfpv3 -mfloat-abi=hard -Wl,-build-id=none -specs=Xilinx.spec -Wl,-T -Wl,../src/lscript.ld -L../../FIR_Filter_bsp/ps7_cortexa9_0/lib -o "FIR_Filter.elf"  ./src/NCO_controller..o   -Wl,--start-group,-lxil,-lgcc,-lc,--end-group
'Finished building target: FIR_Filter.elf'
' '
'Invoking: ARM v7 Print Size'
arm-none-eabi-size FIR_Filter.elf  |tee "FIR_Filter.elf.size"
   text	   data	    bss	    dec	    hex	filename
  22196	   1144	  22568	  45908	   b354	FIR_Filter.elf
'Finished building: FIR_Filter.elf.size'
' '
15:21:27 **** Incremental Build of configuration Debug for project FIR_Filter ****
make pre-build main-build 
a9-linaro-pre-build-step
' '
make: No se hace nada para `main-build'.
15:25:24 **** Incremental Build of configuration Debug for project FIR_Filter ****
make pre-build main-build 
a9-linaro-pre-build-step
' '
'Building file: ../src/NCO_controller..c'
'Invoking: ARM v7 gcc compiler'
arm-none-eabi-gcc -Wall -O0 -g3 -c -fmessage-length=0 -MT"src/NCO_controller..o" -mcpu=cortex-a9 -mfpu=vfpv3 -mfloat-abi=hard -I../../FIR_Filter_bsp/ps7_cortexa9_0/include -MMD -MP -MF"src/NCO_controller..d" -MT"src/NCO_controller..o" -o "src/NCO_controller..o" "../src/NCO_controller..c"
'Finished building: ../src/NCO_controller..c'
' '
'Building target: FIR_Filter.elf'
'Invoking: ARM v7 gcc linker'
arm-none-eabi-gcc -mcpu=cortex-a9 -mfpu=vfpv3 -mfloat-abi=hard -Wl,-build-id=none -specs=Xilinx.spec -Wl,-T -Wl,../src/lscript.ld -L../../FIR_Filter_bsp/ps7_cortexa9_0/lib -o "FIR_Filter.elf"  ./src/NCO_controller..o   -Wl,--start-group,-lxil,-lgcc,-lc,--end-group
'Finished building target: FIR_Filter.elf'
' '
'Invoking: ARM v7 Print Size'
arm-none-eabi-size FIR_Filter.elf  |tee "FIR_Filter.elf.size"
   text	   data	    bss	    dec	    hex	filename
  22196	   1144	  22568	  45908	   b354	FIR_Filter.elf
'Finished building: FIR_Filter.elf.size'
' '
15:27:00 **** Incremental Build of configuration Debug for project FIR_Filter ****
make pre-build main-build 
a9-linaro-pre-build-step
' '
make: No se hace nada para `main-build'.
15:28:10 **** Incremental Build of configuration Debug for project FIR_Filter ****
make pre-build main-build 
a9-linaro-pre-build-step
' '
make: No se hace nada para `main-build'.
15:29:53 **** Incremental Build of configuration Debug for project FIR_Filter ****
make pre-build main-build 
a9-linaro-pre-build-step
' '
'Building file: ../src/NCO_controller..c'
'Invoking: ARM v7 gcc compiler'
arm-none-eabi-gcc -Wall -O0 -g3 -c -fmessage-length=0 -MT"src/NCO_controller..o" -mcpu=cortex-a9 -mfpu=vfpv3 -mfloat-abi=hard -I../../FIR_Filter_bsp/ps7_cortexa9_0/include -MMD -MP -MF"src/NCO_controller..d" -MT"src/NCO_controller..o" -o "src/NCO_controller..o" "../src/NCO_controller..c"
'Finished building: ../src/NCO_controller..c'
' '
'Building target: FIR_Filter.elf'
'Invoking: ARM v7 gcc linker'
arm-none-eabi-gcc -mcpu=cortex-a9 -mfpu=vfpv3 -mfloat-abi=hard -Wl,-build-id=none -specs=Xilinx.spec -Wl,-T -Wl,../src/lscript.ld -L../../FIR_Filter_bsp/ps7_cortexa9_0/lib -o "FIR_Filter.elf"  ./src/NCO_controller..o   -Wl,--start-group,-lxil,-lgcc,-lc,--end-group
'Finished building target: FIR_Filter.elf'
' '
'Invoking: ARM v7 Print Size'
arm-none-eabi-size FIR_Filter.elf  |tee "FIR_Filter.elf.size"
   text	   data	    bss	    dec	    hex	filename
  22196	   1144	  22568	  45908	   b354	FIR_Filter.elf
'Finished building: FIR_Filter.elf.size'
' '
15:33:11 **** Incremental Build of configuration Debug for project FIR_Filter ****
make pre-build main-build 
a9-linaro-pre-build-step
' '
make: No se hace nada para `main-build'.
15:35:29 **** Auto Build of configuration Debug for project FIR_Filter ****
make pre-build main-build 
a9-linaro-pre-build-step
' '
'Building file: ../src/NCO_controller..c'
'Invoking: ARM v7 gcc compiler'
arm-none-eabi-gcc -Wall -O0 -g3 -c -fmessage-length=0 -MT"src/NCO_controller..o" -mcpu=cortex-a9 -mfpu=vfpv3 -mfloat-abi=hard -I../../FIR_Filter_bsp/ps7_cortexa9_0/include -MMD -MP -MF"src/NCO_controller..d" -MT"src/NCO_controller..o" -o "src/NCO_controller..o" "../src/NCO_controller..c"
'Finished building: ../src/NCO_controller..c'
' '
'Building target: FIR_Filter.elf'
'Invoking: ARM v7 gcc linker'
arm-none-eabi-gcc -mcpu=cortex-a9 -mfpu=vfpv3 -mfloat-abi=hard -Wl,-build-id=none -specs=Xilinx.spec -Wl,-T -Wl,../src/lscript.ld -L../../FIR_Filter_bsp/ps7_cortexa9_0/lib -o "FIR_Filter.elf"  ./src/NCO_controller..o   -Wl,--start-group,-lxil,-lgcc,-lc,--end-group
'Finished building target: FIR_Filter.elf'
' '
'Invoking: ARM v7 Print Size'
arm-none-eabi-size FIR_Filter.elf  |tee "FIR_Filter.elf.size"
   text	   data	    bss	    dec	    hex	filename
  22196	   1144	  22568	  45908	   b354	FIR_Filter.elf
'Finished building: FIR_Filter.elf.size'
' '
15:35:31 **** Incremental Build of configuration Debug for project FIR_Filter ****
make pre-build main-build 
a9-linaro-pre-build-step
' '
make: No se hace nada para `main-build'.
15:36:31 **** Incremental Build of configuration Debug for project FIR_Filter ****
make pre-build main-build 
a9-linaro-pre-build-step
' '
'Building file: ../src/NCO_controller..c'
'Invoking: ARM v7 gcc compiler'
arm-none-eabi-gcc -Wall -O0 -g3 -c -fmessage-length=0 -MT"src/NCO_controller..o" -mcpu=cortex-a9 -mfpu=vfpv3 -mfloat-abi=hard -I../../FIR_Filter_bsp/ps7_cortexa9_0/include -MMD -MP -MF"src/NCO_controller..d" -MT"src/NCO_controller..o" -o "src/NCO_controller..o" "../src/NCO_controller..c"
'Finished building: ../src/NCO_controller..c'
' '
'Building target: FIR_Filter.elf'
'Invoking: ARM v7 gcc linker'
arm-none-eabi-gcc -mcpu=cortex-a9 -mfpu=vfpv3 -mfloat-abi=hard -Wl,-build-id=none -specs=Xilinx.spec -Wl,-T -Wl,../src/lscript.ld -L../../FIR_Filter_bsp/ps7_cortexa9_0/lib -o "FIR_Filter.elf"  ./src/NCO_controller..o   -Wl,--start-group,-lxil,-lgcc,-lc,--end-group
'Finished building target: FIR_Filter.elf'
' '
'Invoking: ARM v7 Print Size'
arm-none-eabi-size FIR_Filter.elf  |tee "FIR_Filter.elf.size"
   text	   data	    bss	    dec	    hex	filename
  22196	   1144	  22568	  45908	   b354	FIR_Filter.elf
'Finished building: FIR_Filter.elf.size'
' '
15:37:56 **** Incremental Build of configuration Debug for project FIR_Filter ****
make pre-build main-build 
a9-linaro-pre-build-step
' '
'Building file: ../src/NCO_controller..c'
'Invoking: ARM v7 gcc compiler'
arm-none-eabi-gcc -Wall -O0 -g3 -c -fmessage-length=0 -MT"src/NCO_controller..o" -mcpu=cortex-a9 -mfpu=vfpv3 -mfloat-abi=hard -I../../FIR_Filter_bsp/ps7_cortexa9_0/include -MMD -MP -MF"src/NCO_controller..d" -MT"src/NCO_controller..o" -o "src/NCO_controller..o" "../src/NCO_controller..c"
'Finished building: ../src/NCO_controller..c'
' '
'Building target: FIR_Filter.elf'
'Invoking: ARM v7 gcc linker'
arm-none-eabi-gcc -mcpu=cortex-a9 -mfpu=vfpv3 -mfloat-abi=hard -Wl,-build-id=none -specs=Xilinx.spec -Wl,-T -Wl,../src/lscript.ld -L../../FIR_Filter_bsp/ps7_cortexa9_0/lib -o "FIR_Filter.elf"  ./src/NCO_controller..o   -Wl,--start-group,-lxil,-lgcc,-lc,--end-group
'Finished building target: FIR_Filter.elf'
' '
'Invoking: ARM v7 Print Size'
arm-none-eabi-size FIR_Filter.elf  |tee "FIR_Filter.elf.size"
   text	   data	    bss	    dec	    hex	filename
  22196	   1144	  22568	  45908	   b354	FIR_Filter.elf
'Finished building: FIR_Filter.elf.size'
' '
